// Jest Snapshot v1, https://goo.gl/fbAQLP

exports[`should match a snapshot 1`] = `
<nav
  className="Nav"
>
  <a
    href="/home"
    onClick={[Function]}
  >
    Home
  </a>
  <a
    href="/products/men"
    onClick={[Function]}
  >
    Men
  </a>
  <a
    href="/products/women"
    onClick={[Function]}
  >
    Women
  </a>
  <a
    href="/products/kids"
    onClick={[Function]}
  >
    Kids
  </a>
  <a
    href="/products/sale"
    onClick={[Function]}
  >
    Sale!
  </a>
  <a
    href="/myaccount"
    onClick={[Function]}
  >
    My Account
  </a>
</nav>
`;
